2020-06-23 13:21:50,168 INFO test.h5
2020-06-23 13:21:50,170 INFO guess: (11.83, 0.25, 1.0, 12.35, 13.08)
2020-06-23 13:21:50,170 INFO ndim, nwalkers, nsteps: 5,20,50000.0
2020-06-23 13:21:50,170 INFO logMmin_r: [10.0, 14.0]
2020-06-23 13:21:50,170 INFO sigma_logM_r: [0.01, 2.5]
2020-06-23 13:21:50,170 INFO alpha_r: [0.85, 5.0]
2020-06-23 13:21:50,170 INFO logM0_r: [10.0, 14.0]
2020-06-23 13:21:50,170 INFO logM1_r: [10.0, 14.0]
